---
source: crates/oxide-code/src/tui/components/input.rs
assertion_line: 647
expression: "render_to_backend(&input, 60, 3)"
---
"────────────────────────────────────────────────────────────"
"❯                                                           "
"────────────────────────────────────────────────────────────"
