---
source: crates/oxide-code/src/tui/components/welcome.rs
expression: "render(50, 12, &snap)"
---
"                                                  "
"                 oxide-code v0.1.0                "
"                                                  "
"       Claude Opus 4.7 · xhigh effort             "
"       ~/github/oxide-code                        "
"                                                  "
"       Try one of:                                "
"         /help    list commands                   "
"         /init    author or update AGENTS.md      "
"         /diff    show staged changes             "
"                                                  "
"       tip — press / to browse all commands.      "
