---
source: crates/oxide-code/src/tui/components/chat.rs
expression: "render_chat(&mut chat, 60, 10)"
---
"❯ hello                                                     "
"                                                            "
"▎ Thinking...                                               "
"▎                                                           "
"▎ pondering...                                              "
"                                                            "
"◉ Hi!                                                       "
"                                                            "
"                                                            "
"                                                            "
