---
source: crates/oxide-code/src/tui/components/chat.rs
expression: "render_chat(&mut chat, 60, 26)"
---
"▎ ✎ Edit(/tmp/big.rs)                                       "
"▎ ✓ Edited big.rs                                           "
"▎   - old0                                                  "
"▎   - old1                                                  "
"▎   - old2                                                  "
"▎   - old3                                                  "
"▎   - old4                                                  "
"▎   - old5                                                  "
"▎   - old6                                                  "
"▎   - old7                                                  "
"▎   - old8                                                  "
"▎   ... 4 lines hidden                                      "
"▎   - old13                                                 "
"▎   + new0                                                  "
"▎   + new1                                                  "
"▎   + new2                                                  "
"▎   + new3                                                  "
"▎   + new4                                                  "
"▎   + new5                                                  "
"▎   + new6                                                  "
"▎   + new7                                                  "
"▎   + new8                                                  "
"▎   ... 4 lines hidden                                      "
"▎   + new13                                                 "
"                                                            "
"                                                            "
