---
source: crates/oxide-code/src/tui/components/welcome.rs
expression: "render(60, 14, &snap)"
---
"                                                            "
"                 ━━━━ oxide-code v0.1.0 ━━━━                "
"                                                            "
"          Claude Opus 4.7 · xhigh effort · OAuth            "
"          ~/github/oxide-code                               "
"                                                            "
"          Try one of:                                       "
"                                                            "
"            /theme     switch theme                         "
"            /status    session at a glance                  "
"            /effort    tune Speed ↔ Intelligence            "
"                                                            "
"          Tip — /clear starts a fresh conversation          "
"                                                            "
