---
source: crates/oxide-code/src/tui/components/chat.rs
expression: "render_chat(&mut chat, 60, 10)"
---
"❯ ▎ what is 2 + 2?                                          "
"                                                            "
"⟡ ▎ The answer is 4.                                        "
"                                                            "
"                                                            "
"                                                            "
"                                                            "
"                                                            "
"                                                            "
"                                                            "
