---
source: crates/oxide-code/src/tui/components/input.rs
expression: "render_to_backend(&input, 60, input.height())"
---
"────────────────────────────────────────────────────────────"
"line 1                                                      "
"line 2                                                      "
"line 3                                                      "
"Enter: send │ Shift+Enter: newline │ Ctrl+C: quit           "
