---
source: crates/oxide-code/src/tui/app.rs
expression: "render_app(&mut app, 80, 10)"
---
"  ox │ test-model │ Session title │ ready                               ~/test  "
"────────────────────────────────────────────────────────────────────────────────"
"                                                                                "
"                                                                                "
"                                 Welcome to ox                                  "
"                             Ask anything to begin.                             "
"                                                                                "
"                                                                                "
"────────────────────────────────────────────────────────────────────────────────"
" Ask anything...                                                                "
