---
source: crates/oxide-code/src/tui/app.rs
expression: "render_app(&mut app, 60, 14)"
---
"  ox │ test-model │ ⠋ streaming... · Esc to interrupt       "
"────────────────────────────────────────────────────────────"
"❯ active                                                    "
"                                                            "
"                                                            "
"                                                            "
"                                                            "
"                                                            "
"❯ queued 0                                                  "
"❯ queued 1                                                  "
"❯ queued 2                                                  "
"  +2 more                                                   "
"────────────────────────────────────────────────────────────"
" Type to queue a follow-up...                               "
