---
source: crates/oxide-code/src/tui/app.rs
assertion_line: 2652
expression: "render_app(&mut app, 60, 14)"
---
"  test-model │ ⣷ Streaming · Esc to interrupt       ~/test  "
"────────────────────────────────────────────────────────────"
"❯ active                                                    "
"                                                            "
"                                                            "
"                                                            "
"                                                            "
"❯ queued 0                                                  "
"❯ queued 1                                                  "
"❯ queued 2                                                  "
"  +2 more                                                   "
"────────────────────────────────────────────────────────────"
"❯                                                           "
"────────────────────────────────────────────────────────────"
