---
source: crates/oxide-code/src/tui/app.rs
expression: "render_app(&mut app, 60, 8)"
---
"  ox │ test-model │ ⣾ Streaming · Esc to interrupt  ~/test  "
"────────────────────────────────────────────────────────────"
"❯ working...                                                "
"                                                            "
"◉ part                                                      "
"────────────────────────────────────────────────────────────"
"❯  Type to queue a follow-up...                             "
"────────────────────────────────────────────────────────────"
