---
source: crates/oxide-code/src/tui/app.rs
assertion_line: 2632
expression: "render_app(&mut app, 40, 8)"
---
"  test-model │ narrow │ Ready   ~/test  "
"────────────────────────────────────────"
"❯ hi                                    "
"                                        "
"                                        "
"────────────────────────────────────────"
"❯ Ask anything...                       "
"────────────────────────────────────────"
