---
source: crates/oxide-code/src/tui/app.rs
assertion_line: 2620
expression: "render_app(&mut app, 60, 8)"
---
"  test-model │ ⣷ Streaming · Esc to interrupt       ~/test  "
"────────────────────────────────────────────────────────────"
"❯ working...                                                "
"                                                            "
"◉ part                                                      "
"────────────────────────────────────────────────────────────"
"❯                                                           "
"────────────────────────────────────────────────────────────"
