---
source: crates/oxide-code/src/tui/components/input/popup.rs
assertion_line: 527
expression: "render_to_backend(&popup, 30)"
---
"──────────────────────────────"
"/clear   Reset the conversa..."
"/config  Show resolved config "
"/delete  Delete a saved ses..."
"/diff    Show uncommitted w..."
"/effort  Adjust reasoning e..."
"/help    List slash commands  "
"/init    Set up `AGENTS.md`..."
"/model   Switch the model     "
