---
source: crates/oxide-code/src/tui/components/input/popup.rs
assertion_line: 328
expression: "render_to_backend(&popup, 60)"
---
"/help    List the available slash commands and their usag..."
"/clear   Reset the Conversation Context                     "
"/status  Show session info: model, version, working direc..."
"/config  Show the resolved configuration and the layered ..."
"/diff    Show uncommitted working-tree changes (`git diff..."
