---
source: crates/oxide-code/src/tui/components/input/popup.rs
expression: "render_to_backend(&popup, 60)"
---
"/clear   Reset the conversation context                     "
"/config  Show the resolved configuration and the layered ..."
"/diff    Show uncommitted working-tree changes (`git diff..."
"/effort  Set the effort tier with `/effort <level>`         "
"/help    List the available slash commands and their usag..."
"/init    Generate or update the project's `AGENTS.md` / `..."
"/model   Open the model picker or switch directly with `/..."
"/status  Show session info: model, effort, version, worki..."
