---
source: crates/oxide-code/src/tui/components/input/popup.rs
assertion_line: 449
expression: "render_to_backend(&popup, 60)"
---
"low     Fastest, shallow reasoning                          "
"medium  Balanced                                            "
"high    Deep reasoning                                      "
"xhigh   Extended thinking                                   "
"max     Maximum thinking                                    "
