---
source: crates/oxide-code/src/tui/components/chat.rs
expression: "render_chat(&mut chat, 60, 4)"
---
"  ▎   ✗ API error (HTTP 503): overloaded                    "
"                                                            "
"                                                            "
"                                                            "
